------------------------------------------------------------
Timing Analyzer Summary
------------------------------------------------------------

Type  : Slow 1200mV 85C Model Setup 'clk'
Slack : -111.397
TNS   : -6313.470

Type  : Slow 1200mV 85C Model Setup 'display_dec:display|cfreq[16]'
Slack : -2.039
TNS   : -20.817

Type  : Slow 1200mV 85C Model Hold 'clk'
Slack : 0.452
TNS   : 0.000

Type  : Slow 1200mV 85C Model Hold 'display_dec:display|cfreq[16]'
Slack : 0.453
TNS   : 0.000

Type  : Slow 1200mV 85C Model Recovery 'clk'
Slack : -1.165
TNS   : -8.743

Type  : Slow 1200mV 85C Model Removal 'clk'
Slack : 1.150
TNS   : 0.000

Type  : Slow 1200mV 85C Model Minimum Pulse Width 'clk'
Slack : -4.000
TNS   : -909.670

Type  : Slow 1200mV 85C Model Minimum Pulse Width 'display_dec:display|cfreq[16]'
Slack : -1.487
TNS   : -23.792

Type  : Slow 1200mV 0C Model Setup 'clk'
Slack : -101.196
TNS   : -5782.285

Type  : Slow 1200mV 0C Model Setup 'display_dec:display|cfreq[16]'
Slack : -1.906
TNS   : -18.913

Type  : Slow 1200mV 0C Model Hold 'clk'
Slack : 0.400
TNS   : 0.000

Type  : Slow 1200mV 0C Model Hold 'display_dec:display|cfreq[16]'
Slack : 0.401
TNS   : 0.000

Type  : Slow 1200mV 0C Model Recovery 'clk'
Slack : -0.996
TNS   : -7.425

Type  : Slow 1200mV 0C Model Removal 'clk'
Slack : 1.050
TNS   : 0.000

Type  : Slow 1200mV 0C Model Minimum Pulse Width 'clk'
Slack : -4.000
TNS   : -907.915

Type  : Slow 1200mV 0C Model Minimum Pulse Width 'display_dec:display|cfreq[16]'
Slack : -1.487
TNS   : -23.792

Type  : Fast 1200mV 0C Model Setup 'clk'
Slack : -48.141
TNS   : -2475.664

Type  : Fast 1200mV 0C Model Setup 'display_dec:display|cfreq[16]'
Slack : -0.341
TNS   : -1.940

Type  : Fast 1200mV 0C Model Hold 'clk'
Slack : 0.186
TNS   : 0.000

Type  : Fast 1200mV 0C Model Hold 'display_dec:display|cfreq[16]'
Slack : 0.186
TNS   : 0.000

Type  : Fast 1200mV 0C Model Recovery 'clk'
Slack : 0.001
TNS   : 0.000

Type  : Fast 1200mV 0C Model Removal 'clk'
Slack : 0.503
TNS   : 0.000

Type  : Fast 1200mV 0C Model Minimum Pulse Width 'clk'
Slack : -3.000
TNS   : -547.694

Type  : Fast 1200mV 0C Model Minimum Pulse Width 'display_dec:display|cfreq[16]'
Slack : -1.000
TNS   : -16.000

------------------------------------------------------------
