------------------------------------------------------------
Timing Analyzer Summary
------------------------------------------------------------

Type  : Slow 1200mV 85C Model Setup 'clk'
Slack : -3.864
TNS   : -38.277

Type  : Slow 1200mV 85C Model Setup 'clk_16ms'
Slack : -3.300
TNS   : -102.366

Type  : Slow 1200mV 85C Model Hold 'clk_16ms'
Slack : 0.433
TNS   : 0.000

Type  : Slow 1200mV 85C Model Hold 'clk'
Slack : 0.743
TNS   : 0.000

Type  : Slow 1200mV 85C Model Minimum Pulse Width 'clk'
Slack : -3.000
TNS   : -34.227

Type  : Slow 1200mV 85C Model Minimum Pulse Width 'clk_16ms'
Slack : -1.487
TNS   : -57.993

Type  : Slow 1200mV 0C Model Setup 'clk'
Slack : -3.643
TNS   : -33.446

Type  : Slow 1200mV 0C Model Setup 'clk_16ms'
Slack : -3.022
TNS   : -93.344

Type  : Slow 1200mV 0C Model Hold 'clk_16ms'
Slack : 0.383
TNS   : 0.000

Type  : Slow 1200mV 0C Model Hold 'clk'
Slack : 0.690
TNS   : 0.000

Type  : Slow 1200mV 0C Model Minimum Pulse Width 'clk'
Slack : -3.000
TNS   : -34.227

Type  : Slow 1200mV 0C Model Minimum Pulse Width 'clk_16ms'
Slack : -1.487
TNS   : -57.993

Type  : Fast 1200mV 0C Model Setup 'clk'
Slack : -1.161
TNS   : -5.960

Type  : Fast 1200mV 0C Model Setup 'clk_16ms'
Slack : -0.904
TNS   : -24.120

Type  : Fast 1200mV 0C Model Hold 'clk_16ms'
Slack : 0.179
TNS   : 0.000

Type  : Fast 1200mV 0C Model Hold 'clk'
Slack : 0.295
TNS   : 0.000

Type  : Fast 1200mV 0C Model Minimum Pulse Width 'clk'
Slack : -3.000
TNS   : -25.334

Type  : Fast 1200mV 0C Model Minimum Pulse Width 'clk_16ms'
Slack : -1.000
TNS   : -39.000

------------------------------------------------------------
